0C00                          .ORG   0xC00   
0C00                LOOP:        
0C00   DB 01                  IN   A,0x01   
0C02   E6 00                  AND   0b10000000   
0C04   20 0A                  JR   NZ,noup   
0C06                UP:          
0C06                          ;*Macro unroll: 		v_poke	2,	1,	c_white
0C06   11 42 00               LD   DE,64 * (1) + (2)   
0C09   3A 22 0C               LD   A,(c_white)   
0C0C   12                     LD   (DE),A   
0C0D   C3 00 0C               JP   loop   
0C10                NOUP:        
0C10                          ;*Macro unroll: 		v_poke	2,	1,	c_black
0C10   11 42 00               LD   DE,64 * (1) + (2)   
0C13   3A 21 0C               LD   A,(c_black)   
0C16   12                     LD   (DE),A   
0C17   C3 00 0C               JP   loop   
0C1A                .macro V_POKE,x,y,c
0C1A                             ; 
0C1A                	LD	DE,	64 * (y) + (x)
0C1A                	LD	A,	(c)
0C1A                	LD	(DE),	A
0C1A                .endm
0C1A                 
0C1A   30           C_RED:    DB   0x30   
0C1B   3C           C_YELLOW:   DB   0x3C   
0C1C   0C           C_GREEN:   DB   0x0C   
0C1D   08           C_FOREST:   DB   0x08   
0C1E   0F           C_CYAN:   DB   0x0F   
0C1F   03           C_BLUE:   DB   0x03   
0C20   33           C_MAGENTA:   DB   0x33   
0C21   00           C_BLACK:   DB   0x00   
0C22   3F           C_WHITE:   DB   0x3F   
0C23   00           K_UP:     DB   0b10000000   
0C24   00           K_DOWN:   DB   0b01000000   
0C25   00           K_LEFT:   DB   0b00100000   
0C26   00           K_RIGHT:   DB   0b00010000   
0C27   00           K_A:      DB   0b00001000   
0C28   00           K_B:      DB   0b00000100   
0C29   00           K_C:      DB   0b00000010   
0C2A   00           K_MENU:   DB   0b00000001   


LOOP:               0C00 DEFINED AT LINE 3
                    > USED AT LINE 9
                    > USED AT LINE 12
UP:                 0C06 DEFINED AT LINE 7
NOUP:               0C10 DEFINED AT LINE 10
                    > USED AT LINE 6
C_RED:              0C1A DEFINED AT LINE 20
C_YELLOW:           0C1B DEFINED AT LINE 21
C_GREEN:            0C1C DEFINED AT LINE 22
C_FOREST:           0C1D DEFINED AT LINE 23
C_CYAN:             0C1E DEFINED AT LINE 24
C_BLUE:             0C1F DEFINED AT LINE 25
C_MAGENTA:          0C20 DEFINED AT LINE 26
C_BLACK:            0C21 DEFINED AT LINE 27
                    > USED AT LINE 16
C_WHITE:            0C22 DEFINED AT LINE 28
                    > USED AT LINE 16
K_UP:               0C23 DEFINED AT LINE 30
K_DOWN:             0C24 DEFINED AT LINE 31
K_LEFT:             0C25 DEFINED AT LINE 32
K_RIGHT:            0C26 DEFINED AT LINE 33
K_A:                0C27 DEFINED AT LINE 34
K_B:                0C28 DEFINED AT LINE 35
K_C:                0C29 DEFINED AT LINE 36
K_MENU:             0C2A DEFINED AT LINE 37
